###############################################################################
#
# IAR ELF Linker V8.11.3.13950/W32 for ARM                02/Dec/2019  13:13:09
# Copyright 2007-2017 IAR Systems AB.
#
#    Output file  =  
#        C:\Users\Kalana Sahabandu\Dropbox\Kalana-MS-ECE\Autumn 2019\EE 474\EE
#        474\Final Project\TM4C Code\Debug\Exe\lab5.out
#    Map file     =  
#        C:\Users\Kalana Sahabandu\Dropbox\Kalana-MS-ECE\Autumn 2019\EE 474\EE
#        474\Final Project\TM4C Code\Debug\List\lab5.map
#    Command line =  
#        -f C:\Users\KALANA~1\AppData\Local\Temp\EWA3DB.tmp ("C:\Users\Kalana
#        Sahabandu\Dropbox\Kalana-MS-ECE\Autumn 2019\EE 474\EE 474\Final
#        Project\TM4C Code\Debug\Obj\main.o" -o "C:\Users\Kalana
#        Sahabandu\Dropbox\Kalana-MS-ECE\Autumn 2019\EE 474\EE 474\Final
#        Project\TM4C Code\Debug\Exe\lab5.out" --redirect
#        _Printf=_PrintfFullNoMb --redirect _Scanf=_ScanfFullNoMb --map
#        "C:\Users\Kalana Sahabandu\Dropbox\Kalana-MS-ECE\Autumn 2019\EE 474\EE
#        474\Final Project\TM4C Code\Debug\List\lab5.map" --config "C:\Program
#        Files (x86)\IAR Systems\Embedded Workbench
#        8.0\arm\config\linker\TexasInstruments\TM4C123GH6.icf" --semihosting
#        --entry __iar_program_start --vfe --text_out locale)
#
###############################################################################

*******************************************************************************
*** RUNTIME MODEL ATTRIBUTES
***

CppFlavor       = *
__SystemLibrary = DLib
__dlib_version  = 6


*******************************************************************************
*** HEAP SELECTION
***

The basic heap was selected because some modules are built with
size limitations (and not runtime checking), and --advanced_heap
was not specified.


*******************************************************************************
*** PLACEMENT SUMMARY
***

"A0":  place at 0x00000000 { ro section .intvec };
"P1":  place in [from 0x00000000 to 0x0003ffff] { ro };
define block CSTACK with size = 4K, alignment = 8 { };
define block HEAP with size = 8K, alignment = 8 { };
"P2":  place in [from 0x20000000 to 0x20007fff] {
          rw, block CSTACK, block HEAP };
initialize by copy { rw };

  Section            Kind        Address    Size  Object
  -------            ----        -------    ----  ------
"A0":                                       0xbc
  .intvec            const    0x00000000    0xbc  main.o [1]
                            - 0x000000bc    0xbc

"P1":                                     0x1b30
  .text              ro code  0x000000bc  0x12ac  main.o [1]
  .text              ro code  0x00001368    0x22  fpinit_M.o [4]
  .rodata            const    0x0000138a     0x2  main.o [1]
  .text              ro code  0x0000138c    0x1a  cmain.o [5]
  .text              ro code  0x000013a6     0x2  main.o [1]
  .text              ro code  0x000013a8    0x48  FltToDbl.o [4]
  .text              ro code  0x000013f0    0x1a  U32ToDbl.o [4]
  .text              ro code  0x0000140a     0x2  main.o [1]
  .text              ro code  0x0000140c   0x246  DblDiv.o [4]
  .text              ro code  0x00001652     0x2  main.o [1]
  .text              ro code  0x00001654    0x2e  DblCmpLe.o [4]
  .text              ro code  0x00001682     0x2  main.o [1]
  .text              ro code  0x00001684   0x1a2  DblMul.o [4]
  .text              ro code  0x00001826     0x2  main.o [1]
  .text              ro code  0x00001828    0x28  DblToU32.o [4]
  .text              ro code  0x00001850     0x4  low_level_init.o [3]
  .text              ro code  0x00001854    0x28  data_init.o [5]
  .text              ro code  0x0000187c     0x4  exit.o [3]
  .text              ro code  0x00001880     0xa  cexit.o [5]
  .text              ro code  0x0000188a     0x2  main.o [1]
  .text              ro code  0x0000188c    0x14  exit.o [6]
  .rodata            const    0x000018a0   0x1e0  main.o [1]
  .text              ro code  0x00001a80    0x38  packbits_init_single.o [5]
  .iar.init_table    const    0x00001ab8    0x10  - Linker created -
  .rodata            const    0x00001ac8    0x20  main.o [1]
  .rodata            const    0x00001ae8    0x1c  main.o [1]
  .rodata            const    0x00001b04    0x1c  main.o [1]
  .rodata            const    0x00001b20    0x14  main.o [1]
  .rodata            const    0x00001b34    0x14  main.o [1]
  .rodata            const    0x00001b48    0x14  main.o [1]
  .rodata            const    0x00001b5c    0x10  main.o [1]
  .rodata            const    0x00001b6c    0x10  main.o [1]
  .rodata            const    0x00001b7c    0x10  main.o [1]
  .rodata            const    0x00001b8c    0x10  main.o [1]
  .rodata            const    0x00001b9c     0xc  main.o [1]
  .rodata            const    0x00001ba8     0xc  main.o [1]
  .rodata            const    0x00001bb4     0xc  main.o [1]
  .rodata            const    0x00001bc0     0xc  main.o [1]
  .rodata            const    0x00001bcc     0x8  main.o [1]
  .rodata            const    0x00001bd4     0x8  main.o [1]
  .text              ro code  0x00001bdc     0x2  main.o [1]
  .text              ro code  0x00001bde     0x2  main.o [1]
  .text              ro code  0x00001be0     0x2  main.o [1]
  .rodata            const    0x00001be2     0x0  packbits_init_single.o [5]
  Initializer bytes  const    0x00001be2     0xa  <for P2-1>
                            - 0x00001bec  0x1b30

"P2", part 1 of 2:                          0x1e
  P2-1                        0x20000000    0x1e  <Init block>
    .bss             inited   0x20000000     0x8  main.o [1]
    .data            inited   0x20000008     0x4  main.o [1]
    .data            inited   0x2000000c     0x4  main.o [1]
    .bss             inited   0x20000010     0x4  main.o [1]
    .bss             inited   0x20000014     0x2  main.o [1]
    .bss             inited   0x20000016     0x2  main.o [1]
    .bss             inited   0x20000018     0x2  main.o [1]
    .bss             inited   0x2000001a     0x2  main.o [1]
    .bss             inited   0x2000001c     0x1  main.o [1]
    .bss             inited   0x2000001d     0x1  main.o [1]
                            - 0x2000001e    0x1e

"P2", part 2 of 2:                        0x1000
  CSTACK                      0x20000020  0x1000  <Block>
    CSTACK           uninit   0x20000020  0x1000  <Block tail>
                            - 0x20001020  0x1000


*******************************************************************************
*** INIT TABLE
***

          Address     Size
          -------     ----
Copy/packbits (__iar_packbits_init_single3)
    1 source range, total size 0xa (33% of destination):
          0x00001be2   0xa
    1 destination range, total size 0x1e:
          0x20000000  0x1e



*******************************************************************************
*** MODULE SUMMARY
***

    Module                  ro code  ro data  rw data
    ------                  -------  -------  -------
C:\Users\Kalana Sahabandu\Dropbox\Kalana-MS-ECE\Autumn 2019\EE 474\EE 474\Final Project\TM4C Code\Debug\Obj: [1]
    main.o                    4 798      956       30
    -------------------------------------------------
    Total:                    4 798      956       30

command line: [2]
    -------------------------------------------------
    Total:

dl7M_tln.a: [3]
    exit.o                        4
    low_level_init.o              4
    -------------------------------------------------
    Total:                        8

m7M_tls.a: [4]
    DblCmpLe.o                   46
    DblDiv.o                    582
    DblMul.o                    418
    DblToU32.o                   40
    FltToDbl.o                   72
    U32ToDbl.o                   26
    fpinit_M.o                   34
    -------------------------------------------------
    Total:                    1 218

rt7M_tl.a: [5]
    cexit.o                      10
    cmain.o                      26
    data_init.o                  40
    packbits_init_single.o       56
    -------------------------------------------------
    Total:                      132

shb_l.a: [6]
    exit.o                       20
    -------------------------------------------------
    Total:                       20

    Linker created                        16    4 096
-----------------------------------------------------
    Grand Total:              6 176      972    4 126


*******************************************************************************
*** ENTRY LIST
***

Entry                      Address   Size  Type      Object
-----                      -------   ----  ----      ------
.iar.init_table$$Base   0x00001ab8          --   Gb  - Linker created -
.iar.init_table$$Limit  0x00001ac8          --   Gb  - Linker created -
?main                   0x0000138d         Code  Gb  cmain.o [5]
ASCII                   0x000018a0  0x1e0  Data  Lc  main.o [1]
AndroidToTivaController
                        0x00000f41   0xe2  Code  Gb  main.o [1]
CSTACK$$Base            0x20000020          --   Gb  - Linker created -
CSTACK$$Limit           0x20001020          --   Gb  - Linker created -
Color4                  0x00001ac8   0x20  Data  Gb  main.o [1]
ControllerHelper        0x00000d31  0x1fe  Code  Gb  main.o [1]
ControllerHelper::previousChar
                        0x2000001d    0x1  Data  Lc  main.o [1]
LCD_ColorFill           0x000003c7   0x16  Code  Gb  main.o [1]
LCD_DrawFilledRect      0x00000937   0x60  Code  Gb  main.o [1]
LCD_DrawLine            0x000007d5   0xd6  Code  Gb  main.o [1]
LCD_DrawPixel           0x000007a1   0x34  Code  Gb  main.o [1]
LCD_DrawRect            0x000008ab   0x8c  Code  Gb  main.o [1]
LCD_GPIOInit            0x000000cd   0x86  Code  Gb  main.o [1]
LCD_Init                0x00000205  0x1a2  Code  Gb  main.o [1]
LCD_PrintBinary         0x00000693   0x8c  Code  Gb  main.o [1]
LCD_PrintChar           0x000003e7   0xd0  Code  Gb  main.o [1]
LCD_PrintFloat          0x0000071f   0x4e  Code  Gb  main.o [1]
LCD_PrintHex            0x00000623   0x70  Code  Gb  main.o [1]
LCD_PrintInteger        0x000005c3   0x60  Code  Gb  main.o [1]
LCD_PrintString         0x000004b7   0x1c  Code  Gb  main.o [1]
LCD_SetCursor           0x000004d3    0xe  Code  Gb  main.o [1]
LCD_SetTextColor        0x000004e1   0x14  Code  Gb  main.o [1]
LCD_WriteCommand        0x00000153   0x56  Code  Gb  main.o [1]
LCD_WriteData           0x000001a9   0x5c  Code  Gb  main.o [1]
Region$$Table$$Base     0x00001ab8          --   Gb  - Linker created -
Region$$Table$$Limit    0x00001ac8          --   Gb  - Linker created -
Setup_GPIOF             0x00001125   0x54  Code  Gb  main.o [1]
Setup_TIMER1            0x0000117d   0x66  Code  Gb  main.o [1]
Timer_Handler_A         0x00000b57   0x14  Code  Gb  main.o [1]
TransmitData            0x00000ce5   0x1e  Code  Gb  main.o [1]
UART3_Init              0x00000c9b   0x4a  Code  Gb  main.o [1]
UART4_Init              0x00000c51   0x4a  Code  Gb  main.o [1]
__aeabi_cdcmple         0x00001655         Code  Gb  DblCmpLe.o [4]
__aeabi_d2uiz           0x00001829         Code  Gb  DblToU32.o [4]
__aeabi_ddiv            0x0000140d         Code  Gb  DblDiv.o [4]
__aeabi_dmul            0x00001685         Code  Gb  DblMul.o [4]
__aeabi_f2d             0x000013a9         Code  Gb  FltToDbl.o [4]
__aeabi_ui2d            0x000013f1         Code  Gb  U32ToDbl.o [4]
__cmain                 0x0000138d         Code  Gb  cmain.o [5]
__exit                  0x0000188d   0x14  Code  Gb  exit.o [6]
__iar_data_init3        0x00001855   0x28  Code  Gb  data_init.o [5]
__iar_init_vfp          0x00001369         Code  Gb  fpinit_M.o [4]
__iar_packbits_init_single3
                        0x00001a81   0x38  Code  Gb  packbits_init_single.o [5]
__iar_program_start     0x000000bd   0x10  Code  Gb  main.o [1]
__iar_systems$$module {Abs}
                        0x00000001         Data  Gb  command line/config [2]
__low_level_init        0x00001851    0x4  Code  Gb  low_level_init.o [3]
__vector_table          0x00000000   0xbc  Data  Gb  main.o [1]
_call_main              0x00001399         Code  Gb  cmain.o [5]
_exit                   0x00001881         Code  Gb  cexit.o [5]
_main                   0x000013a3         Code  Gb  cmain.o [5]
abs                     0x000003dd    0xa  Code  Gb  main.o [1]
convertColor            0x000003a7   0x20  Code  Gb  main.o [1]
count                   0x2000001a    0x2  Data  Gb  main.o [1]
cursorX                 0x20000014    0x2  Data  Gb  main.o [1]
cursorY                 0x20000016    0x2  Data  Gb  main.o [1]
defaultBell_tone        0x20000008    0x4  Data  Gb  main.o [1]
distance                0x20000000    0x8  Data  Gb  main.o [1]
doorBellVol             0x2000000c    0x4  Data  Gb  main.o [1]
doorLockStatus          0x2000001c    0x1  Data  Gb  main.o [1]
drawStatus              0x00000a23   0xe4  Code  Gb  main.o [1]
exit                    0x0000187d    0x4  Code  Gb  exit.o [3]
initialize_GPIOC        0x00000bdf   0x72  Code  Gb  main.o [1]
initialize_GPIOE        0x00000b6b   0x74  Code  Gb  main.o [1]
initialize_timers       0x00000b1b   0x10  Code  Gb  main.o [1]
intialize_Timer0A       0x00000b2b   0x2c  Code  Gb  main.o [1]
intitialize_interrupts  0x00000b07   0x14  Code  Gb  main.o [1]
main                    0x000009c1   0x36  Code  Gb  main.o [1]
mainScreen              0x000009f7   0x2c  Code  Gb  main.o [1]
measureD                0x000011e5   0x46  Code  Gb  main.o [1]
printf                  0x000004f5   0xce  Code  Gb  main.o [1]
pulseWidth              0x20000010    0x4  Data  Gb  main.o [1]
readFromBluetoothModule
                        0x00000d09   0x16  Code  Gb  main.o [1]
set80Mhz                0x0000103d   0xd0  Code  Gb  main.o [1]
textColor               0x20000018    0x2  Data  Gb  main.o [1]


[1] = C:\Users\Kalana Sahabandu\Dropbox\Kalana-MS-ECE\Autumn 2019\EE 474\EE 474\Final Project\TM4C Code\Debug\Obj
[2] = command line
[3] = dl7M_tln.a
[4] = m7M_tls.a
[5] = rt7M_tl.a
[6] = shb_l.a

  6 176 bytes of readonly  code memory
    972 bytes of readonly  data memory
  4 126 bytes of readwrite data memory

Errors: none
Warnings: none
